2026-07-17 23:41:51,738 INFO  org.apache.flink.configuration.GlobalConfiguration           [] - Using standard YAML parser to load flink configuration file from /opt/flink/conf/config.yaml.
2026-07-17 23:41:51,756 INFO  org.apache.flink.configuration.GlobalConfiguration           [] - Loading configuration property: blob.server.port, 6124
2026-07-17 23:41:51,756 INFO  org.apache.flink.configuration.GlobalConfiguration           [] - Loading configuration property: taskmanager.memory.process.size, 1728m
2026-07-17 23:41:51,756 INFO  org.apache.flink.configuration.GlobalConfiguration           [] - Loading configuration property: taskmanager.bind-host, 0.0.0.0
2026-07-17 23:41:51,756 INFO  org.apache.flink.configuration.GlobalConfiguration           [] - Loading configuration property: jobmanager.execution.failover-strategy, region
2026-07-17 23:41:51,756 INFO  org.apache.flink.configuration.GlobalConfiguration           [] - Loading configuration property: jobmanager.rpc.address, jobmanager
2026-07-17 23:41:51,756 INFO  org.apache.flink.configuration.GlobalConfiguration           [] - Loading configuration property: jobmanager.memory.process.size, 1600m
2026-07-17 23:41:51,756 INFO  org.apache.flink.configuration.GlobalConfiguration           [] - Loading configuration property: jobmanager.rpc.port, 6123
2026-07-17 23:41:51,756 INFO  org.apache.flink.configuration.GlobalConfiguration           [] - Loading configuration property: query.server.port, 6125
2026-07-17 23:41:51,756 INFO  org.apache.flink.configuration.GlobalConfiguration           [] - Loading configuration property: jobmanager.bind-host, 0.0.0.0
2026-07-17 23:41:51,756 INFO  org.apache.flink.configuration.GlobalConfiguration           [] - Loading configuration property: parallelism.default, 1
2026-07-17 23:41:51,756 INFO  org.apache.flink.configuration.GlobalConfiguration           [] - Loading configuration property: taskmanager.numberOfTaskSlots, 1
2026-07-17 23:41:51,756 INFO  org.apache.flink.configuration.GlobalConfiguration           [] - Loading configuration property: rest.address, 0.0.0.0
2026-07-17 23:41:51,756 INFO  org.apache.flink.configuration.GlobalConfiguration           [] - Loading configuration property: env.java.opts.all, --add-exports=java.rmi/sun.rmi.registry=ALL-UNNAMED --add-exports=jdk.compiler/com.sun.tools.javac.api=ALL-UNNAMED --add-exports=jdk.compiler/com.sun.tools.javac.file=ALL-UNNAMED --add-exports=jdk.compiler/com.sun.tools.javac.parser=ALL-UNNAMED --add-exports=jdk.compiler/com.sun.tools.javac.tree=ALL-UNNAMED --add-exports=jdk.compiler/com.sun.tools.javac.util=ALL-UNNAMED --add-exports=java.security.jgss/sun.security.krb5=ALL-UNNAMED --add-opens=java.base/java.lang=ALL-UNNAMED --add-opens=java.base/java.net=ALL-UNNAMED --add-opens=java.base/java.io=ALL-UNNAMED --add-opens=java.base/java.nio=ALL-UNNAMED --add-opens=java.base/sun.nio.ch=ALL-UNNAMED --add-opens=java.base/java.lang.reflect=ALL-UNNAMED --add-opens=java.base/java.text=ALL-UNNAMED --add-opens=java.base/java.time=ALL-UNNAMED --add-opens=java.base/java.util=ALL-UNNAMED --add-opens=java.base/java.util.concurrent=ALL-UNNAMED --add-opens=java.base/java.util.concurrent.atomic=ALL-UNNAMED --add-opens=java.base/java.util.concurrent.locks=ALL-UNNAMED
2026-07-17 23:41:51,767 INFO  org.apache.flink.client.cli.CliFrontend                      [] - Loading FallbackYarnSessionCli
2026-07-17 23:41:51,775 INFO  org.apache.flink.core.fs.FileSystem                          [] - Hadoop is not in the classpath/dependencies. The extended set of supported File Systems via Hadoop is not available.
2026-07-17 23:41:51,781 INFO  org.apache.flink.core.plugin.DefaultPluginManager            [] - Plugin loader with ID not found, creating it: metrics-prometheus
2026-07-17 23:41:51,784 INFO  org.apache.flink.core.plugin.DefaultPluginManager            [] - Plugin loader with ID not found, creating it: external-resource-gpu
2026-07-17 23:41:51,784 INFO  org.apache.flink.core.plugin.DefaultPluginManager            [] - Plugin loader with ID not found, creating it: metrics-graphite
2026-07-17 23:41:51,784 INFO  org.apache.flink.core.plugin.DefaultPluginManager            [] - Plugin loader with ID not found, creating it: metrics-otel
2026-07-17 23:41:51,784 INFO  org.apache.flink.core.plugin.DefaultPluginManager            [] - Plugin loader with ID not found, creating it: metrics-influx
2026-07-17 23:41:51,784 INFO  org.apache.flink.core.plugin.DefaultPluginManager            [] - Plugin loader with ID not found, creating it: metrics-datadog
2026-07-17 23:41:51,784 INFO  org.apache.flink.core.plugin.DefaultPluginManager            [] - Plugin loader with ID not found, creating it: metrics-statsd
2026-07-17 23:41:51,784 INFO  org.apache.flink.core.plugin.DefaultPluginManager            [] - Plugin loader with ID not found, creating it: metrics-jmx
2026-07-17 23:41:51,784 INFO  org.apache.flink.core.plugin.DefaultPluginManager            [] - Plugin loader with ID not found, creating it: metrics-slf4j
2026-07-17 23:41:51,794 INFO  org.apache.flink.table.gateway.service.context.DefaultContext [] - Execution config: {execution.state-recovery.claim-mode=NO_CLAIM, execution.attached=true, execution.shutdown-on-attached-exit=false, execution.target=remote, execution.state-recovery.ignore-unclaimed-state=false}
2026-07-17 23:41:51,985 INFO  org.apache.flink.configuration.Configuration                 [] - Config uses fallback configuration key 'rest.port' instead of key 'rest.bind-port'
2026-07-17 23:41:51,993 INFO  org.apache.flink.table.gateway.rest.SqlGatewayRestEndpoint   [] - Upload directory /tmp/flink-web-upload does not exist. 
2026-07-17 23:41:51,993 INFO  org.apache.flink.table.gateway.rest.SqlGatewayRestEndpoint   [] - Created directory /tmp/flink-web-upload for file uploads.
2026-07-17 23:41:51,994 INFO  org.apache.flink.table.gateway.rest.SqlGatewayRestEndpoint   [] - Starting rest endpoint.
2026-07-17 23:41:52,100 INFO  org.apache.flink.table.gateway.rest.SqlGatewayRestEndpoint   [] - Rest endpoint listening at localhost:45857
2026-07-17 23:41:52,113 INFO  org.apache.flink.table.shaded.org.quartz.impl.StdSchedulerFactory [] - Using default implementation for ThreadExecutor
2026-07-17 23:41:52,114 INFO  org.apache.flink.table.shaded.org.quartz.simpl.SimpleThreadPool [] - Job execution threads will use class loader of thread: main
2026-07-17 23:41:52,117 INFO  org.apache.flink.table.shaded.org.quartz.core.SchedulerSignalerImpl [] - Initialized Scheduler Signaller of type: class org.apache.flink.table.shaded.org.quartz.core.SchedulerSignalerImpl
2026-07-17 23:41:52,117 INFO  org.apache.flink.table.shaded.org.quartz.core.QuartzScheduler [] - Quartz Scheduler v.2.3.2 created.
2026-07-17 23:41:52,118 INFO  org.apache.flink.table.shaded.org.quartz.simpl.RAMJobStore   [] - RAMJobStore initialized.
2026-07-17 23:41:52,118 INFO  org.apache.flink.table.shaded.org.quartz.core.QuartzScheduler [] - Scheduler meta-data: Quartz Scheduler (v2.3.2) 'FlinkQuartzScheduler' with instanceId 'NON_CLUSTERED'
  Scheduler class: 'org.apache.flink.table.shaded.org.quartz.core.QuartzScheduler' - running locally.
  NOT STARTED.
  Currently in standby mode.
  Number of jobs executed: 0
  Using thread pool 'org.apache.flink.table.shaded.org.quartz.simpl.SimpleThreadPool' - with 1 threads.
  Using job-store 'org.apache.flink.table.shaded.org.quartz.simpl.RAMJobStore' - which does not support persistence. and is not clustered.

2026-07-17 23:41:52,118 INFO  org.apache.flink.table.shaded.org.quartz.impl.StdSchedulerFactory [] - Quartz scheduler 'FlinkQuartzScheduler' initialized from an externally provided properties instance.
2026-07-17 23:41:52,118 INFO  org.apache.flink.table.shaded.org.quartz.impl.StdSchedulerFactory [] - Quartz scheduler version: 2.3.2
2026-07-17 23:41:52,118 INFO  org.apache.flink.table.shaded.org.quartz.core.QuartzScheduler [] - Scheduler FlinkQuartzScheduler_$_NON_CLUSTERED started.
2026-07-17 23:41:52,118 INFO  org.apache.flink.table.gateway.workflow.scheduler.EmbeddedQuartzScheduler [] - Start quartz scheduler successfully.
2026-07-17 23:41:52,118 INFO  org.apache.flink.table.client.SqlClient                      [] - Start embedded gateway on port 45857
2026-07-17 23:41:52,195 INFO  org.apache.flink.table.client.gateway.ExecutorImpl           [] - Open session to http://localhost:45857 with connection version: V4.
2026-07-17 23:41:52,230 INFO  org.apache.flink.table.resource.ResourceManager              [] - Added JAR resource [file:/opt/flink/usrlib/flink-sql-connector-kafka-5.0.0-2.2.jar] to class path.
2026-07-17 23:41:52,230 INFO  org.apache.flink.table.resource.ResourceManager              [] - Register resource [/opt/flink/usrlib/flink-sql-connector-kafka-5.0.0-2.2.jar] successfully.
2026-07-17 23:41:52,230 INFO  org.apache.flink.table.resource.ResourceManager              [] - Added JAR resource [file:/opt/flink/usrlib/hadoop-client-runtime-3.3.6.jar] to class path.
2026-07-17 23:41:52,230 INFO  org.apache.flink.table.resource.ResourceManager              [] - Register resource [/opt/flink/usrlib/hadoop-client-runtime-3.3.6.jar] successfully.
2026-07-17 23:41:52,230 INFO  org.apache.flink.table.resource.ResourceManager              [] - Added JAR resource [file:/opt/flink/usrlib/paimon-s3-1.4.2.jar] to class path.
2026-07-17 23:41:52,230 INFO  org.apache.flink.table.resource.ResourceManager              [] - Register resource [/opt/flink/usrlib/paimon-s3-1.4.2.jar] successfully.
2026-07-17 23:41:52,230 INFO  org.apache.flink.table.resource.ResourceManager              [] - Added JAR resource [file:/opt/flink/usrlib/hadoop-client-api-3.3.6.jar] to class path.
2026-07-17 23:41:52,230 INFO  org.apache.flink.table.resource.ResourceManager              [] - Register resource [/opt/flink/usrlib/hadoop-client-api-3.3.6.jar] successfully.
2026-07-17 23:41:52,230 INFO  org.apache.flink.table.resource.ResourceManager              [] - Added JAR resource [file:/opt/flink/usrlib/paimon-flink-2.2-1.4.2.jar] to class path.
2026-07-17 23:41:52,230 INFO  org.apache.flink.table.resource.ResourceManager              [] - Register resource [/opt/flink/usrlib/paimon-flink-2.2-1.4.2.jar] successfully.
2026-07-17 23:41:52,282 WARN  org.apache.flink.table.factories.WorkflowSchedulerFactoryUtil [] - Workflow scheduler options do not contain an option key 'workflow-scheduler.type' for discovering an workflow scheduler.
2026-07-17 23:41:52,344 INFO  org.apache.flink.table.client.cli.CliClient                  [] - Command history file path: /opt/flink/.flink-sql-history
2026-07-17 23:41:52,782 INFO  org.apache.flink.api.java.typeutils.TypeExtractor            [] - class org.apache.flink.sql.parser.ddl.SqlCreateCatalog does not contain a setter for field catalogName
2026-07-17 23:41:52,782 INFO  org.apache.flink.api.java.typeutils.TypeExtractor            [] - Class class org.apache.flink.sql.parser.ddl.SqlCreateCatalog cannot be used as a POJO type because not all fields are valid POJO fields, and must be processed as GenericType. Please read the Flink documentation on "Data Types & Serialization" for details of the effect on performance and schema evolution.
2026-07-17 23:41:52,783 INFO  org.apache.flink.api.java.typeutils.TypeExtractor            [] - class org.apache.flink.sql.parser.ddl.SqlAlterCatalogOptions does not contain a setter for field propertyList
2026-07-17 23:41:52,783 INFO  org.apache.flink.api.java.typeutils.TypeExtractor            [] - Class class org.apache.flink.sql.parser.ddl.SqlAlterCatalogOptions cannot be used as a POJO type because not all fields are valid POJO fields, and must be processed as GenericType. Please read the Flink documentation on "Data Types & Serialization" for details of the effect on performance and schema evolution.
2026-07-17 23:41:52,783 INFO  org.apache.flink.api.java.typeutils.TypeExtractor            [] - class org.apache.flink.sql.parser.ddl.SqlAlterCatalogReset does not contain a getter for field propertyKeyList
2026-07-17 23:41:52,783 INFO  org.apache.flink.api.java.typeutils.TypeExtractor            [] - class org.apache.flink.sql.parser.ddl.SqlAlterCatalogReset does not contain a setter for field propertyKeyList
2026-07-17 23:41:52,783 INFO  org.apache.flink.api.java.typeutils.TypeExtractor            [] - Class class org.apache.flink.sql.parser.ddl.SqlAlterCatalogReset cannot be used as a POJO type because not all fields are valid POJO fields, and must be processed as GenericType. Please read the Flink documentation on "Data Types & Serialization" for details of the effect on performance and schema evolution.
2026-07-17 23:41:52,783 INFO  org.apache.flink.api.java.typeutils.TypeExtractor            [] - class org.apache.flink.sql.parser.ddl.SqlAlterCatalogComment does not contain a setter for field comment
2026-07-17 23:41:52,783 INFO  org.apache.flink.api.java.typeutils.TypeExtractor            [] - Class class org.apache.flink.sql.parser.ddl.SqlAlterCatalogComment cannot be used as a POJO type because not all fields are valid POJO fields, and must be processed as GenericType. Please read the Flink documentation on "Data Types & Serialization" for details of the effect on performance and schema evolution.
2026-07-17 23:41:52,784 INFO  org.apache.flink.api.java.typeutils.TypeExtractor            [] - class org.apache.flink.sql.parser.ddl.SqlCreateView does not contain a setter for field viewName
2026-07-17 23:41:52,784 INFO  org.apache.flink.api.java.typeutils.TypeExtractor            [] - Class class org.apache.flink.sql.parser.ddl.SqlCreateView cannot be used as a POJO type because not all fields are valid POJO fields, and must be processed as GenericType. Please read the Flink documentation on "Data Types & Serialization" for details of the effect on performance and schema evolution.
2026-07-17 23:41:52,784 INFO  org.apache.flink.api.java.typeutils.TypeExtractor            [] - class org.apache.flink.sql.parser.ddl.SqlAlterViewRename does not contain a getter for field newViewIdentifier
2026-07-17 23:41:52,784 INFO  org.apache.flink.api.java.typeutils.TypeExtractor            [] - class org.apache.flink.sql.parser.ddl.SqlAlterViewRename does not contain a setter for field newViewIdentifier
2026-07-17 23:41:52,784 INFO  org.apache.flink.api.java.typeutils.TypeExtractor            [] - Class class org.apache.flink.sql.parser.ddl.SqlAlterViewRename cannot be used as a POJO type because not all fields are valid POJO fields, and must be processed as GenericType. Please read the Flink documentation on "Data Types & Serialization" for details of the effect on performance and schema evolution.
2026-07-17 23:41:52,784 INFO  org.apache.flink.api.java.typeutils.TypeExtractor            [] - class org.apache.flink.sql.parser.ddl.SqlAlterViewProperties does not contain a setter for field propertyList
2026-07-17 23:41:52,785 INFO  org.apache.flink.api.java.typeutils.TypeExtractor            [] - Class class org.apache.flink.sql.parser.ddl.SqlAlterViewProperties cannot be used as a POJO type because not all fields are valid POJO fields, and must be processed as GenericType. Please read the Flink documentation on "Data Types & Serialization" for details of the effect on performance and schema evolution.
2026-07-17 23:41:52,785 INFO  org.apache.flink.api.java.typeutils.TypeExtractor            [] - class org.apache.flink.sql.parser.ddl.SqlAlterViewAs does not contain a setter for field newQuery
2026-07-17 23:41:52,785 INFO  org.apache.flink.api.java.typeutils.TypeExtractor            [] - Class class org.apache.flink.sql.parser.ddl.SqlAlterViewAs cannot be used as a POJO type because not all fields are valid POJO fields, and must be processed as GenericType. Please read the Flink documentation on "Data Types & Serialization" for details of the effect on performance and schema evolution.
2026-07-17 23:41:52,785 INFO  org.apache.flink.api.java.typeutils.TypeExtractor            [] - class org.apache.flink.sql.parser.ddl.SqlAddPartitions does not contain a setter for field ifPartitionNotExists
2026-07-17 23:41:52,785 INFO  org.apache.flink.api.java.typeutils.TypeExtractor            [] - Class class org.apache.flink.sql.parser.ddl.SqlAddPartitions cannot be used as a POJO type because not all fields are valid POJO fields, and must be processed as GenericType. Please read the Flink documentation on "Data Types & Serialization" for details of the effect on performance and schema evolution.
2026-07-17 23:41:52,785 INFO  org.apache.flink.api.java.typeutils.TypeExtractor            [] - class org.apache.flink.sql.parser.ddl.SqlDropPartitions does not contain a setter for field ifExists
2026-07-17 23:41:52,785 INFO  org.apache.flink.api.java.typeutils.TypeExtractor            [] - Class class org.apache.flink.sql.parser.ddl.SqlDropPartitions cannot be used as a POJO type because not all fields are valid POJO fields, and must be processed as GenericType. Please read the Flink documentation on "Data Types & Serialization" for details of the effect on performance and schema evolution.
2026-07-17 23:41:52,786 INFO  org.apache.flink.api.java.typeutils.TypeExtractor            [] - class org.apache.flink.sql.parser.dql.SqlShowPartitions does not contain a getter for field tableIdentifier
2026-07-17 23:41:52,786 INFO  org.apache.flink.api.java.typeutils.TypeExtractor            [] - class org.apache.flink.sql.parser.dql.SqlShowPartitions does not contain a setter for field tableIdentifier
2026-07-17 23:41:52,786 INFO  org.apache.flink.api.java.typeutils.TypeExtractor            [] - Class class org.apache.flink.sql.parser.dql.SqlShowPartitions cannot be used as a POJO type because not all fields are valid POJO fields, and must be processed as GenericType. Please read the Flink documentation on "Data Types & Serialization" for details of the effect on performance and schema evolution.
2026-07-17 23:41:52,786 INFO  org.apache.flink.api.java.typeutils.TypeExtractor            [] - class org.apache.flink.sql.parser.dml.SqlTruncateTable does not contain a getter for field tableNameIdentifier
2026-07-17 23:41:52,786 INFO  org.apache.flink.api.java.typeutils.TypeExtractor            [] - class org.apache.flink.sql.parser.dml.SqlTruncateTable does not contain a setter for field tableNameIdentifier
2026-07-17 23:41:52,786 INFO  org.apache.flink.api.java.typeutils.TypeExtractor            [] - Class class org.apache.flink.sql.parser.dml.SqlTruncateTable cannot be used as a POJO type because not all fields are valid POJO fields, and must be processed as GenericType. Please read the Flink documentation on "Data Types & Serialization" for details of the effect on performance and schema evolution.
2026-07-17 23:41:52,786 INFO  org.apache.flink.api.java.typeutils.TypeExtractor            [] - class org.apache.flink.sql.parser.dql.SqlShowFunctions does not contain a setter for field requireUser
2026-07-17 23:41:52,786 INFO  org.apache.flink.api.java.typeutils.TypeExtractor            [] - Class class org.apache.flink.sql.parser.dql.SqlShowFunctions cannot be used as a POJO type because not all fields are valid POJO fields, and must be processed as GenericType. Please read the Flink documentation on "Data Types & Serialization" for details of the effect on performance and schema evolution.
2026-07-17 23:41:52,787 INFO  org.apache.flink.api.java.typeutils.TypeExtractor            [] - class org.apache.flink.sql.parser.dql.SqlShowModels does not contain a setter for field preposition
2026-07-17 23:41:52,787 INFO  org.apache.flink.api.java.typeutils.TypeExtractor            [] - Class class org.apache.flink.sql.parser.dql.SqlShowModels cannot be used as a POJO type because not all fields are valid POJO fields, and must be processed as GenericType. Please read the Flink documentation on "Data Types & Serialization" for details of the effect on performance and schema evolution.
2026-07-17 23:41:52,787 INFO  org.apache.flink.api.java.typeutils.TypeExtractor            [] - class org.apache.flink.sql.parser.dql.SqlShowCreateModel does not contain a getter for field sqlIdentifier
2026-07-17 23:41:52,787 INFO  org.apache.flink.api.java.typeutils.TypeExtractor            [] - class org.apache.flink.sql.parser.dql.SqlShowCreateModel does not contain a setter for field sqlIdentifier
2026-07-17 23:41:52,787 INFO  org.apache.flink.api.java.typeutils.TypeExtractor            [] - Class class org.apache.flink.sql.parser.dql.SqlShowCreateModel cannot be used as a POJO type because not all fields are valid POJO fields, and must be processed as GenericType. Please read the Flink documentation on "Data Types & Serialization" for details of the effect on performance and schema evolution.
2026-07-17 23:41:52,787 INFO  org.apache.flink.api.java.typeutils.TypeExtractor            [] - class org.apache.flink.sql.parser.dql.SqlShowProcedures does not contain a setter for field preposition
2026-07-17 23:41:52,787 INFO  org.apache.flink.api.java.typeutils.TypeExtractor            [] - Class class org.apache.flink.sql.parser.dql.SqlShowProcedures cannot be used as a POJO type because not all fields are valid POJO fields, and must be processed as GenericType. Please read the Flink documentation on "Data Types & Serialization" for details of the effect on performance and schema evolution.
2026-07-17 23:41:52,788 INFO  org.apache.flink.api.java.typeutils.TypeExtractor            [] - class org.apache.flink.sql.parser.ddl.SqlReplaceTableAs does not contain a setter for field isCreateOrReplace
2026-07-17 23:41:52,788 INFO  org.apache.flink.api.java.typeutils.TypeExtractor            [] - Class class org.apache.flink.sql.parser.ddl.SqlReplaceTableAs cannot be used as a POJO type because not all fields are valid POJO fields, and must be processed as GenericType. Please read the Flink documentation on "Data Types & Serialization" for details of the effect on performance and schema evolution.
2026-07-17 23:41:52,788 INFO  org.apache.flink.api.java.typeutils.TypeExtractor            [] - class org.apache.flink.sql.parser.dql.SqlShowDatabases does not contain a setter for field preposition
2026-07-17 23:41:52,788 INFO  org.apache.flink.api.java.typeutils.TypeExtractor            [] - Class class org.apache.flink.sql.parser.dql.SqlShowDatabases cannot be used as a POJO type because not all fields are valid POJO fields, and must be processed as GenericType. Please read the Flink documentation on "Data Types & Serialization" for details of the effect on performance and schema evolution.
2026-07-17 23:41:52,789 INFO  org.apache.flink.api.java.typeutils.TypeExtractor            [] - class org.apache.flink.sql.parser.dql.SqlShowCreateCatalog does not contain a getter for field sqlIdentifier
2026-07-17 23:41:52,789 INFO  org.apache.flink.api.java.typeutils.TypeExtractor            [] - class org.apache.flink.sql.parser.dql.SqlShowCreateCatalog does not contain a setter for field sqlIdentifier
2026-07-17 23:41:52,789 INFO  org.apache.flink.api.java.typeutils.TypeExtractor            [] - Class class org.apache.flink.sql.parser.dql.SqlShowCreateCatalog cannot be used as a POJO type because not all fields are valid POJO fields, and must be processed as GenericType. Please read the Flink documentation on "Data Types & Serialization" for details of the effect on performance and schema evolution.
2026-07-17 23:41:52,789 INFO  org.apache.flink.api.java.typeutils.TypeExtractor            [] - class org.apache.flink.sql.parser.dql.SqlDescribeCatalog does not contain a getter for field catalogName
2026-07-17 23:41:52,789 INFO  org.apache.flink.api.java.typeutils.TypeExtractor            [] - class org.apache.flink.sql.parser.dql.SqlDescribeCatalog does not contain a setter for field catalogName
2026-07-17 23:41:52,789 INFO  org.apache.flink.api.java.typeutils.TypeExtractor            [] - Class class org.apache.flink.sql.parser.dql.SqlDescribeCatalog cannot be used as a POJO type because not all fields are valid POJO fields, and must be processed as GenericType. Please read the Flink documentation on "Data Types & Serialization" for details of the effect on performance and schema evolution.
2026-07-17 23:41:52,789 INFO  org.apache.flink.api.java.typeutils.TypeExtractor            [] - class org.apache.flink.sql.parser.dql.SqlDescribeJob does not contain a getter for field jobId
2026-07-17 23:41:52,789 INFO  org.apache.flink.api.java.typeutils.TypeExtractor            [] - class org.apache.flink.sql.parser.dql.SqlDescribeJob does not contain a setter for field jobId
2026-07-17 23:41:52,789 INFO  org.apache.flink.api.java.typeutils.TypeExtractor            [] - Class class org.apache.flink.sql.parser.dql.SqlDescribeJob cannot be used as a POJO type because not all fields are valid POJO fields, and must be processed as GenericType. Please read the Flink documentation on "Data Types & Serialization" for details of the effect on performance and schema evolution.
2026-07-17 23:41:52,790 INFO  org.apache.flink.api.java.typeutils.TypeExtractor            [] - class org.apache.flink.sql.parser.ddl.SqlCreateMaterializedTable does not contain a setter for field tableName
2026-07-17 23:41:52,790 INFO  org.apache.flink.api.java.typeutils.TypeExtractor            [] - Class class org.apache.flink.sql.parser.ddl.SqlCreateMaterializedTable cannot be used as a POJO type because not all fields are valid POJO fields, and must be processed as GenericType. Please read the Flink documentation on "Data Types & Serialization" for details of the effect on performance and schema evolution.
2026-07-17 23:41:52,790 INFO  org.apache.flink.api.java.typeutils.TypeExtractor            [] - class org.apache.flink.sql.parser.ddl.SqlAlterMaterializedTableRefresh does not contain a setter for field partitionSpec
2026-07-17 23:41:52,790 INFO  org.apache.flink.api.java.typeutils.TypeExtractor            [] - Class class org.apache.flink.sql.parser.ddl.SqlAlterMaterializedTableRefresh cannot be used as a POJO type because not all fields are valid POJO fields, and must be processed as GenericType. Please read the Flink documentation on "Data Types & Serialization" for details of the effect on performance and schema evolution.
2026-07-17 23:41:52,790 INFO  org.apache.flink.api.java.typeutils.TypeExtractor            [] - class org.apache.flink.sql.parser.ddl.SqlAlterMaterializedTableSuspend does not contain a getter for field tableIdentifier
2026-07-17 23:41:52,790 INFO  org.apache.flink.api.java.typeutils.TypeExtractor            [] - class org.apache.flink.sql.parser.ddl.SqlAlterMaterializedTableSuspend does not contain a setter for field tableIdentifier
2026-07-17 23:41:52,790 INFO  org.apache.flink.api.java.typeutils.TypeExtractor            [] - Class class org.apache.flink.sql.parser.ddl.SqlAlterMaterializedTableSuspend cannot be used as a POJO type because not all fields are valid POJO fields, and must be processed as GenericType. Please read the Flink documentation on "Data Types & Serialization" for details of the effect on performance and schema evolution.
2026-07-17 23:41:52,791 INFO  org.apache.flink.api.java.typeutils.TypeExtractor            [] - class org.apache.flink.sql.parser.ddl.SqlAlterMaterializedTableResume does not contain a setter for field propertyList
2026-07-17 23:41:52,791 INFO  org.apache.flink.api.java.typeutils.TypeExtractor            [] - Class class org.apache.flink.sql.parser.ddl.SqlAlterMaterializedTableResume cannot be used as a POJO type because not all fields are valid POJO fields, and must be processed as GenericType. Please read the Flink documentation on "Data Types & Serialization" for details of the effect on performance and schema evolution.
2026-07-17 23:41:52,791 INFO  org.apache.flink.api.java.typeutils.TypeExtractor            [] - class org.apache.flink.sql.parser.ddl.SqlAlterMaterializedTableAsQuery does not contain a setter for field asQuery
2026-07-17 23:41:52,791 INFO  org.apache.flink.api.java.typeutils.TypeExtractor            [] - Class class org.apache.flink.sql.parser.ddl.SqlAlterMaterializedTableAsQuery cannot be used as a POJO type because not all fields are valid POJO fields, and must be processed as GenericType. Please read the Flink documentation on "Data Types & Serialization" for details of the effect on performance and schema evolution.
2026-07-17 23:41:52,791 INFO  org.apache.flink.api.java.typeutils.TypeExtractor            [] - class org.apache.flink.sql.parser.ddl.SqlAlterMaterializedTableAddDistribution does not contain a getter for field distribution
2026-07-17 23:41:52,791 INFO  org.apache.flink.api.java.typeutils.TypeExtractor            [] - class org.apache.flink.sql.parser.ddl.SqlAlterMaterializedTableAddDistribution does not contain a setter for field distribution
2026-07-17 23:41:52,791 INFO  org.apache.flink.api.java.typeutils.TypeExtractor            [] - Class class org.apache.flink.sql.parser.ddl.SqlAlterMaterializedTableAddDistribution cannot be used as a POJO type because not all fields are valid POJO fields, and must be processed as GenericType. Please read the Flink documentation on "Data Types & Serialization" for details of the effect on performance and schema evolution.
2026-07-17 23:41:52,791 INFO  org.apache.flink.api.java.typeutils.TypeExtractor            [] - class org.apache.flink.sql.parser.ddl.SqlAlterMaterializedTableModifyDistribution does not contain a getter for field distribution
2026-07-17 23:41:52,792 INFO  org.apache.flink.api.java.typeutils.TypeExtractor            [] - class org.apache.flink.sql.parser.ddl.SqlAlterMaterializedTableModifyDistribution does not contain a setter for field distribution
2026-07-17 23:41:52,792 INFO  org.apache.flink.api.java.typeutils.TypeExtractor            [] - Class class org.apache.flink.sql.parser.ddl.SqlAlterMaterializedTableModifyDistribution cannot be used as a POJO type because not all fields are valid POJO fields, and must be processed as GenericType. Please read the Flink documentation on "Data Types & Serialization" for details of the effect on performance and schema evolution.
2026-07-17 23:41:52,792 INFO  org.apache.flink.api.java.typeutils.TypeExtractor            [] - class org.apache.flink.sql.parser.ddl.SqlAlterMaterializedTableDropDistribution does not contain a getter for field tableIdentifier
2026-07-17 23:41:52,792 INFO  org.apache.flink.api.java.typeutils.TypeExtractor            [] - class org.apache.flink.sql.parser.ddl.SqlAlterMaterializedTableDropDistribution does not contain a setter for field tableIdentifier
2026-07-17 23:41:52,792 INFO  org.apache.flink.api.java.typeutils.TypeExtractor            [] - Class class org.apache.flink.sql.parser.ddl.SqlAlterMaterializedTableDropDistribution cannot be used as a POJO type because not all fields are valid POJO fields, and must be processed as GenericType. Please read the Flink documentation on "Data Types & Serialization" for details of the effect on performance and schema evolution.
2026-07-17 23:41:52,792 INFO  org.apache.flink.api.java.typeutils.TypeExtractor            [] - class org.apache.flink.sql.parser.ddl.SqlAlterModelRename does not contain a setter for field newModelName
2026-07-17 23:41:52,792 INFO  org.apache.flink.api.java.typeutils.TypeExtractor            [] - Class class org.apache.flink.sql.parser.ddl.SqlAlterModelRename cannot be used as a POJO type because not all fields are valid POJO fields, and must be processed as GenericType. Please read the Flink documentation on "Data Types & Serialization" for details of the effect on performance and schema evolution.
2026-07-17 23:41:52,792 INFO  org.apache.flink.api.java.typeutils.TypeExtractor            [] - class org.apache.flink.sql.parser.ddl.SqlAlterModelReset does not contain a getter for field optionKeyList
2026-07-17 23:41:52,792 INFO  org.apache.flink.api.java.typeutils.TypeExtractor            [] - class org.apache.flink.sql.parser.ddl.SqlAlterModelReset does not contain a setter for field optionKeyList
2026-07-17 23:41:52,792 INFO  org.apache.flink.api.java.typeutils.TypeExtractor            [] - Class class org.apache.flink.sql.parser.ddl.SqlAlterModelReset cannot be used as a POJO type because not all fields are valid POJO fields, and must be processed as GenericType. Please read the Flink documentation on "Data Types & Serialization" for details of the effect on performance and schema evolution.
2026-07-17 23:41:52,793 INFO  org.apache.flink.api.java.typeutils.TypeExtractor            [] - class org.apache.flink.sql.parser.ddl.SqlAlterModelSet does not contain a getter for field modelOptionList
2026-07-17 23:41:52,793 INFO  org.apache.flink.api.java.typeutils.TypeExtractor            [] - class org.apache.flink.sql.parser.ddl.SqlAlterModelSet does not contain a setter for field modelOptionList
2026-07-17 23:41:52,793 INFO  org.apache.flink.api.java.typeutils.TypeExtractor            [] - Class class org.apache.flink.sql.parser.ddl.SqlAlterModelSet cannot be used as a POJO type because not all fields are valid POJO fields, and must be processed as GenericType. Please read the Flink documentation on "Data Types & Serialization" for details of the effect on performance and schema evolution.
2026-07-17 23:41:52,793 INFO  org.apache.flink.api.java.typeutils.TypeExtractor            [] - class org.apache.flink.sql.parser.ddl.SqlDropMaterializedTable does not contain a getter for field tableIdentifier
2026-07-17 23:41:52,793 INFO  org.apache.flink.api.java.typeutils.TypeExtractor            [] - class org.apache.flink.sql.parser.ddl.SqlDropMaterializedTable does not contain a setter for field tableIdentifier
2026-07-17 23:41:52,793 INFO  org.apache.flink.api.java.typeutils.TypeExtractor            [] - Class class org.apache.flink.sql.parser.ddl.SqlDropMaterializedTable cannot be used as a POJO type because not all fields are valid POJO fields, and must be processed as GenericType. Please read the Flink documentation on "Data Types & Serialization" for details of the effect on performance and schema evolution.
2026-07-17 23:41:52,793 INFO  org.apache.flink.api.java.typeutils.TypeExtractor            [] - class org.apache.flink.sql.parser.dql.SqlShowTables does not contain a getter for field kind
2026-07-17 23:41:52,793 INFO  org.apache.flink.api.java.typeutils.TypeExtractor            [] - class org.apache.flink.sql.parser.dql.SqlShowTables does not contain a setter for field kind
2026-07-17 23:41:52,793 INFO  org.apache.flink.api.java.typeutils.TypeExtractor            [] - Class class org.apache.flink.sql.parser.dql.SqlShowTables cannot be used as a POJO type because not all fields are valid POJO fields, and must be processed as GenericType. Please read the Flink documentation on "Data Types & Serialization" for details of the effect on performance and schema evolution.
2026-07-17 23:41:52,794 INFO  org.apache.flink.api.java.typeutils.TypeExtractor            [] - class org.apache.flink.sql.parser.dql.SqlShowCatalogs does not contain a setter for field preposition
2026-07-17 23:41:52,794 INFO  org.apache.flink.api.java.typeutils.TypeExtractor            [] - Class class org.apache.flink.sql.parser.dql.SqlShowCatalogs cannot be used as a POJO type because not all fields are valid POJO fields, and must be processed as GenericType. Please read the Flink documentation on "Data Types & Serialization" for details of the effect on performance and schema evolution.
2026-07-17 23:41:52,794 INFO  org.apache.flink.api.java.typeutils.TypeExtractor            [] - class org.apache.flink.sql.parser.dql.SqlRichDescribeFunction does not contain a getter for field functionNameIdentifier
2026-07-17 23:41:52,794 INFO  org.apache.flink.api.java.typeutils.TypeExtractor            [] - class org.apache.flink.sql.parser.dql.SqlRichDescribeFunction does not contain a setter for field functionNameIdentifier
2026-07-17 23:41:52,794 INFO  org.apache.flink.api.java.typeutils.TypeExtractor            [] - Class class org.apache.flink.sql.parser.dql.SqlRichDescribeFunction cannot be used as a POJO type because not all fields are valid POJO fields, and must be processed as GenericType. Please read the Flink documentation on "Data Types & Serialization" for details of the effect on performance and schema evolution.
2026-07-17 23:41:52,794 INFO  org.apache.flink.api.java.typeutils.TypeExtractor            [] - class org.apache.flink.sql.parser.dql.SqlRichDescribeModel does not contain a getter for field modelNameIdentifier
2026-07-17 23:41:52,794 INFO  org.apache.flink.api.java.typeutils.TypeExtractor            [] - class org.apache.flink.sql.parser.dql.SqlRichDescribeModel does not contain a setter for field modelNameIdentifier
2026-07-17 23:41:52,794 INFO  org.apache.flink.api.java.typeutils.TypeExtractor            [] - Class class org.apache.flink.sql.parser.dql.SqlRichDescribeModel cannot be used as a POJO type because not all fields are valid POJO fields, and must be processed as GenericType. Please read the Flink documentation on "Data Types & Serialization" for details of the effect on performance and schema evolution.
2026-07-17 23:41:52,794 INFO  org.apache.flink.api.java.typeutils.TypeExtractor            [] - class org.apache.flink.sql.parser.ddl.SqlCreateTableAs does not contain a setter for field asQuery
2026-07-17 23:41:52,794 INFO  org.apache.flink.api.java.typeutils.TypeExtractor            [] - Class class org.apache.flink.sql.parser.ddl.SqlCreateTableAs cannot be used as a POJO type because not all fields are valid POJO fields, and must be processed as GenericType. Please read the Flink documentation on "Data Types & Serialization" for details of the effect on performance and schema evolution.
2026-07-17 23:41:52,794 INFO  org.apache.flink.api.java.typeutils.TypeExtractor            [] - class org.apache.flink.sql.parser.ddl.SqlCreateTable does not contain a setter for field tableName
2026-07-17 23:41:52,794 INFO  org.apache.flink.api.java.typeutils.TypeExtractor            [] - Class class org.apache.flink.sql.parser.ddl.SqlCreateTable cannot be used as a POJO type because not all fields are valid POJO fields, and must be processed as GenericType. Please read the Flink documentation on "Data Types & Serialization" for details of the effect on performance and schema evolution.
2026-07-17 23:41:52,795 INFO  org.apache.flink.api.java.typeutils.TypeExtractor            [] - class org.apache.flink.sql.parser.ddl.SqlCreateTableLike does not contain a setter for field tableLike
2026-07-17 23:41:52,795 INFO  org.apache.flink.api.java.typeutils.TypeExtractor            [] - Class class org.apache.flink.sql.parser.ddl.SqlCreateTableLike cannot be used as a POJO type because not all fields are valid POJO fields, and must be processed as GenericType. Please read the Flink documentation on "Data Types & Serialization" for details of the effect on performance and schema evolution.
2026-07-17 23:41:52,795 INFO  org.apache.flink.api.java.typeutils.TypeExtractor            [] - class org.apache.flink.sql.parser.ddl.SqlAlterTableDropPrimaryKey does not contain a getter for field tableIdentifier
2026-07-17 23:41:52,795 INFO  org.apache.flink.api.java.typeutils.TypeExtractor            [] - class org.apache.flink.sql.parser.ddl.SqlAlterTableDropPrimaryKey does not contain a setter for field tableIdentifier
2026-07-17 23:41:52,795 INFO  org.apache.flink.api.java.typeutils.TypeExtractor            [] - Class class org.apache.flink.sql.parser.ddl.SqlAlterTableDropPrimaryKey cannot be used as a POJO type because not all fields are valid POJO fields, and must be processed as GenericType. Please read the Flink documentation on "Data Types & Serialization" for details of the effect on performance and schema evolution.
2026-07-17 23:41:52,796 INFO  org.apache.flink.api.java.typeutils.TypeExtractor            [] - class org.apache.flink.sql.parser.ddl.SqlAlterTableDropColumn does not contain a setter for field columnList
2026-07-17 23:41:52,796 INFO  org.apache.flink.api.java.typeutils.TypeExtractor            [] - Class class org.apache.flink.sql.parser.ddl.SqlAlterTableDropColumn cannot be used as a POJO type because not all fields are valid POJO fields, and must be processed as GenericType. Please read the Flink documentation on "Data Types & Serialization" for details of the effect on performance and schema evolution.
2026-07-17 23:41:52,796 INFO  org.apache.flink.api.java.typeutils.TypeExtractor            [] - class org.apache.flink.sql.parser.ddl.SqlAlterTableDropConstraint does not contain a setter for field constraintName
2026-07-17 23:41:52,796 INFO  org.apache.flink.api.java.typeutils.TypeExtractor            [] - Class class org.apache.flink.sql.parser.ddl.SqlAlterTableDropConstraint cannot be used as a POJO type because not all fields are valid POJO fields, and must be processed as GenericType. Please read the Flink documentation on "Data Types & Serialization" for details of the effect on performance and schema evolution.
2026-07-17 23:41:52,796 INFO  org.apache.flink.api.java.typeutils.TypeExtractor            [] - class org.apache.flink.sql.parser.ddl.SqlAlterTableDropWatermark does not contain a getter for field tableIdentifier
2026-07-17 23:41:52,796 INFO  org.apache.flink.api.java.typeutils.TypeExtractor            [] - class org.apache.flink.sql.parser.ddl.SqlAlterTableDropWatermark does not contain a setter for field tableIdentifier
2026-07-17 23:41:52,796 INFO  org.apache.flink.api.java.typeutils.TypeExtractor            [] - Class class org.apache.flink.sql.parser.ddl.SqlAlterTableDropWatermark cannot be used as a POJO type because not all fields are valid POJO fields, and must be processed as GenericType. Please read the Flink documentation on "Data Types & Serialization" for details of the effect on performance and schema evolution.
2026-07-17 23:41:52,796 INFO  org.apache.flink.api.java.typeutils.TypeExtractor            [] - class org.apache.flink.sql.parser.ddl.SqlAlterTableDropDistribution does not contain a getter for field tableIdentifier
2026-07-17 23:41:52,796 INFO  org.apache.flink.api.java.typeutils.TypeExtractor            [] - class org.apache.flink.sql.parser.ddl.SqlAlterTableDropDistribution does not contain a setter for field tableIdentifier
2026-07-17 23:41:52,796 INFO  org.apache.flink.api.java.typeutils.TypeExtractor            [] - Class class org.apache.flink.sql.parser.ddl.SqlAlterTableDropDistribution cannot be used as a POJO type because not all fields are valid POJO fields, and must be processed as GenericType. Please read the Flink documentation on "Data Types & Serialization" for details of the effect on performance and schema evolution.
2026-07-17 23:41:52,796 INFO  org.apache.flink.api.java.typeutils.TypeExtractor            [] - class org.apache.flink.sql.parser.ddl.SqlAlterTableRenameColumn does not contain a getter for field originColumnIdentifier
2026-07-17 23:41:52,796 INFO  org.apache.flink.api.java.typeutils.TypeExtractor            [] - class org.apache.flink.sql.parser.ddl.SqlAlterTableRenameColumn does not contain a setter for field originColumnIdentifier
2026-07-17 23:41:52,797 INFO  org.apache.flink.api.java.typeutils.TypeExtractor            [] - Class class org.apache.flink.sql.parser.ddl.SqlAlterTableRenameColumn cannot be used as a POJO type because not all fields are valid POJO fields, and must be processed as GenericType. Please read the Flink documentation on "Data Types & Serialization" for details of the effect on performance and schema evolution.
2026-07-17 23:41:52,797 INFO  org.apache.flink.api.java.typeutils.TypeExtractor            [] - class org.apache.flink.sql.parser.ddl.SqlAlterTableReset does not contain a setter for field propertyKeyList
2026-07-17 23:41:52,797 INFO  org.apache.flink.api.java.typeutils.TypeExtractor            [] - Class class org.apache.flink.sql.parser.ddl.SqlAlterTableReset cannot be used as a POJO type because not all fields are valid POJO fields, and must be processed as GenericType. Please read the Flink documentation on "Data Types & Serialization" for details of the effect on performance and schema evolution.
2026-07-17 23:41:52,797 INFO  org.apache.flink.api.java.typeutils.TypeExtractor            [] - class org.apache.flink.sql.parser.ddl.SqlAlterTableOptions does not contain a setter for field propertyList
2026-07-17 23:41:52,797 INFO  org.apache.flink.api.java.typeutils.TypeExtractor            [] - Class class org.apache.flink.sql.parser.ddl.SqlAlterTableOptions cannot be used as a POJO type because not all fields are valid POJO fields, and must be processed as GenericType. Please read the Flink documentation on "Data Types & Serialization" for details of the effect on performance and schema evolution.
2026-07-17 23:41:52,798 INFO  org.apache.flink.api.java.typeutils.TypeExtractor            [] - class org.apache.flink.sql.parser.ddl.SqlAlterTableModify does not contain a getter for field columnList
2026-07-17 23:41:52,798 INFO  org.apache.flink.api.java.typeutils.TypeExtractor            [] - class org.apache.flink.sql.parser.ddl.SqlAlterTableModify does not contain a setter for field columnList
2026-07-17 23:41:52,798 INFO  org.apache.flink.api.java.typeutils.TypeExtractor            [] - Class class org.apache.flink.sql.parser.ddl.SqlAlterTableModify cannot be used as a POJO type because not all fields are valid POJO fields, and must be processed as GenericType. Please read the Flink documentation on "Data Types & Serialization" for details of the effect on performance and schema evolution.
2026-07-17 23:41:52,798 INFO  org.apache.flink.api.java.typeutils.TypeExtractor            [] - class org.apache.flink.sql.parser.ddl.SqlAlterTableAdd does not contain a getter for field columnList
2026-07-17 23:41:52,798 INFO  org.apache.flink.api.java.typeutils.TypeExtractor            [] - class org.apache.flink.sql.parser.ddl.SqlAlterTableAdd does not contain a setter for field columnList
2026-07-17 23:41:52,798 INFO  org.apache.flink.api.java.typeutils.TypeExtractor            [] - Class class org.apache.flink.sql.parser.ddl.SqlAlterTableAdd cannot be used as a POJO type because not all fields are valid POJO fields, and must be processed as GenericType. Please read the Flink documentation on "Data Types & Serialization" for details of the effect on performance and schema evolution.
2026-07-17 23:41:52,798 INFO  org.apache.flink.api.java.typeutils.TypeExtractor            [] - class org.apache.flink.sql.parser.ddl.SqlAlterTableRename does not contain a getter for field newTableIdentifier
2026-07-17 23:41:52,798 INFO  org.apache.flink.api.java.typeutils.TypeExtractor            [] - class org.apache.flink.sql.parser.ddl.SqlAlterTableRename does not contain a setter for field newTableIdentifier
2026-07-17 23:41:52,798 INFO  org.apache.flink.api.java.typeutils.TypeExtractor            [] - Class class org.apache.flink.sql.parser.ddl.SqlAlterTableRename cannot be used as a POJO type because not all fields are valid POJO fields, and must be processed as GenericType. Please read the Flink documentation on "Data Types & Serialization" for details of the effect on performance and schema evolution.
2026-07-17 23:41:52,811 WARN  org.apache.paimon.utils.HadoopUtils                          [] - Could not find Hadoop configuration via any of the supported methods
2026-07-17 23:41:52,843 WARN  org.apache.paimon.utils.HadoopUtils                          [] - Could not find Hadoop configuration via any of the supported methods
2026-07-17 23:41:53,369 INFO  org.apache.paimon.flink.FlinkCatalog                         [] - Creating Flink catalog: metastore=filesystem
2026-07-17 23:41:53,401 INFO  org.apache.flink.table.catalog.CatalogManager                [] - Set the current default catalog as [paimon_catalog] and the current default database as [default].
2026-07-17 23:41:53,906 ERROR org.apache.flink.table.gateway.service.operation.OperationManager [] - Failed to execute the operation 5bb9f7a4-87ef-46ef-92fc-0f32a62c373c.
java.lang.UnsupportedOperationException: Unsupported statement for configuring session: 
INSERT INTO processed_transactions
SELECT
    transaction_id,
    source_account,
    amount,
    CASE WHEN amount > 10000.0 THEN 'FRAUD_SUSPECT' ELSE 'APPROVED' END AS status,
    ts
FROM transactions_raw;
The configureSession API only supports executing statements of type SET, RESET, CREATE TABLE, CREATE VIEW, CREATE DATABASE, CREATE FUNCTION, CREATE TEMPORARY SYSTEM FUNCTION, CREATE CATALOG, CREATE MODEL, CREATE MATERIALIZED TABLE, DROP TABLE, DROP VIEW, DROP DATABASE, DROP FUNCTION, DROP TEMPORARY SYSTEM FUNCTION, DROP CATALOG, DROP MODEL, DROP MATERIALIZED TABLE, ALTER TABLE, ALTER VIEW, ALTER DATABASE, ALTER FUNCTION, ALTER CATALOG SET, ALTER CATALOG RESET, ALTER CATALOG COMMENT, ALTER MODEL, ALTER MODEL, ALTER MATERIALIZED TABLE, USE CATALOG, USE [CATALOG.]DATABASE, USE MODULES, LOAD MODULE, UNLOAD MODULE, ADD JAR.
	at org.apache.flink.table.gateway.service.operation.OperationExecutor.configureSession(OperationExecutor.java:214) ~[flink-sql-gateway-2.2.1.jar:2.2.1]
	at org.apache.flink.table.gateway.service.SqlGatewayServiceImpl.lambda$configureSession$0(SqlGatewayServiceImpl.java:112) ~[flink-sql-gateway-2.2.1.jar:2.2.1]
	at org.apache.flink.table.gateway.service.operation.OperationManager.lambda$submitOperation$1(OperationManager.java:120) ~[flink-sql-gateway-2.2.1.jar:2.2.1]
	at org.apache.flink.table.gateway.service.operation.OperationManager$Operation.lambda$run$0(OperationManager.java:259) ~[flink-sql-gateway-2.2.1.jar:2.2.1]
	at java.base/java.util.concurrent.Executors$RunnableAdapter.call(Unknown Source) ~[?:?]
	at java.base/java.util.concurrent.FutureTask.run(Unknown Source) ~[?:?]
	at java.base/java.util.concurrent.Executors$RunnableAdapter.call(Unknown Source) ~[?:?]
	at java.base/java.util.concurrent.FutureTask.run(Unknown Source) ~[?:?]
	at java.base/java.util.concurrent.ThreadPoolExecutor.runWorker(Unknown Source) ~[?:?]
	at java.base/java.util.concurrent.ThreadPoolExecutor$Worker.run(Unknown Source) ~[?:?]
	at java.base/java.lang.Thread.run(Unknown Source) [?:?]
2026-07-17 23:41:53,908 ERROR org.apache.flink.table.gateway.service.SqlGatewayServiceImpl [] - Failed to configure session.
org.apache.flink.table.gateway.service.utils.SqlExecutionException: Failed to execute the operation 5bb9f7a4-87ef-46ef-92fc-0f32a62c373c.
	at org.apache.flink.table.gateway.service.operation.OperationManager$Operation.processThrowable(OperationManager.java:415) ~[flink-sql-gateway-2.2.1.jar:2.2.1]
	at org.apache.flink.table.gateway.service.operation.OperationManager$Operation.lambda$run$0(OperationManager.java:268) ~[flink-sql-gateway-2.2.1.jar:2.2.1]
	at java.base/java.util.concurrent.Executors$RunnableAdapter.call(Unknown Source) ~[?:?]
	at java.base/java.util.concurrent.FutureTask.run(Unknown Source) ~[?:?]
	at java.base/java.util.concurrent.Executors$RunnableAdapter.call(Unknown Source) ~[?:?]
	at java.base/java.util.concurrent.FutureTask.run(Unknown Source) ~[?:?]
	at java.base/java.util.concurrent.ThreadPoolExecutor.runWorker(Unknown Source) ~[?:?]
	at java.base/java.util.concurrent.ThreadPoolExecutor$Worker.run(Unknown Source) ~[?:?]
	at java.base/java.lang.Thread.run(Unknown Source) [?:?]
Caused by: java.lang.UnsupportedOperationException: Unsupported statement for configuring session: 
INSERT INTO processed_transactions
SELECT
    transaction_id,
    source_account,
    amount,
    CASE WHEN amount > 10000.0 THEN 'FRAUD_SUSPECT' ELSE 'APPROVED' END AS status,
    ts
FROM transactions_raw;
The configureSession API only supports executing statements of type SET, RESET, CREATE TABLE, CREATE VIEW, CREATE DATABASE, CREATE FUNCTION, CREATE TEMPORARY SYSTEM FUNCTION, CREATE CATALOG, CREATE MODEL, CREATE MATERIALIZED TABLE, DROP TABLE, DROP VIEW, DROP DATABASE, DROP FUNCTION, DROP TEMPORARY SYSTEM FUNCTION, DROP CATALOG, DROP MODEL, DROP MATERIALIZED TABLE, ALTER TABLE, ALTER VIEW, ALTER DATABASE, ALTER FUNCTION, ALTER CATALOG SET, ALTER CATALOG RESET, ALTER CATALOG COMMENT, ALTER MODEL, ALTER MODEL, ALTER MATERIALIZED TABLE, USE CATALOG, USE [CATALOG.]DATABASE, USE MODULES, LOAD MODULE, UNLOAD MODULE, ADD JAR.
	at org.apache.flink.table.gateway.service.operation.OperationExecutor.configureSession(OperationExecutor.java:214) ~[flink-sql-gateway-2.2.1.jar:2.2.1]
	at org.apache.flink.table.gateway.service.SqlGatewayServiceImpl.lambda$configureSession$0(SqlGatewayServiceImpl.java:112) ~[flink-sql-gateway-2.2.1.jar:2.2.1]
	at org.apache.flink.table.gateway.service.operation.OperationManager.lambda$submitOperation$1(OperationManager.java:120) ~[flink-sql-gateway-2.2.1.jar:2.2.1]
	at org.apache.flink.table.gateway.service.operation.OperationManager$Operation.lambda$run$0(OperationManager.java:259) ~[flink-sql-gateway-2.2.1.jar:2.2.1]
	... 7 more
2026-07-17 23:41:53,909 ERROR org.apache.flink.table.gateway.rest.handler.session.ConfigureSessionHandler [] - Unhandled exception.
org.apache.flink.table.gateway.api.utils.SqlGatewayException: Failed to configure session.
	at org.apache.flink.table.gateway.service.SqlGatewayServiceImpl.configureSession(SqlGatewayServiceImpl.java:117) ~[flink-sql-gateway-2.2.1.jar:2.2.1]
	at org.apache.flink.table.gateway.rest.handler.session.ConfigureSessionHandler.handleRequest(ConfigureSessionHandler.java:61) ~[flink-sql-gateway-2.2.1.jar:2.2.1]
	at org.apache.flink.table.gateway.rest.handler.AbstractSqlGatewayRestHandler.respondToRequest(AbstractSqlGatewayRestHandler.java:84) ~[flink-sql-gateway-2.2.1.jar:2.2.1]
	at org.apache.flink.table.gateway.rest.handler.AbstractSqlGatewayRestHandler.respondToRequest(AbstractSqlGatewayRestHandler.java:52) ~[flink-sql-gateway-2.2.1.jar:2.2.1]
	at org.apache.flink.runtime.rest.handler.AbstractHandler.respondAsLeader(AbstractHandler.java:196) ~[flink-dist-2.2.1.jar:2.2.1]
	at org.apache.flink.runtime.rest.handler.LeaderRetrievalHandler.lambda$channelRead0$0(LeaderRetrievalHandler.java:87) ~[flink-dist-2.2.1.jar:2.2.1]
	at java.base/java.util.Optional.ifPresent(Unknown Source) ~[?:?]
	at org.apache.flink.util.OptionalConsumer.ifPresent(OptionalConsumer.java:45) ~[flink-dist-2.2.1.jar:2.2.1]
	at org.apache.flink.runtime.rest.handler.LeaderRetrievalHandler.channelRead0(LeaderRetrievalHandler.java:84) ~[flink-dist-2.2.1.jar:2.2.1]
	at org.apache.flink.runtime.rest.handler.LeaderRetrievalHandler.channelRead0(LeaderRetrievalHandler.java:49) ~[flink-dist-2.2.1.jar:2.2.1]
	at org.apache.flink.shaded.netty4.io.netty.channel.SimpleChannelInboundHandler.channelRead(SimpleChannelInboundHandler.java:99) ~[flink-dist-2.2.1.jar:2.2.1]
	at org.apache.flink.shaded.netty4.io.netty.channel.AbstractChannelHandlerContext.invokeChannelRead(AbstractChannelHandlerContext.java:444) ~[flink-dist-2.2.1.jar:2.2.1]
	at org.apache.flink.shaded.netty4.io.netty.channel.AbstractChannelHandlerContext.invokeChannelRead(AbstractChannelHandlerContext.java:420) ~[flink-dist-2.2.1.jar:2.2.1]
	at org.apache.flink.shaded.netty4.io.netty.channel.AbstractChannelHandlerContext.fireChannelRead(AbstractChannelHandlerContext.java:412) ~[flink-dist-2.2.1.jar:2.2.1]
	at org.apache.flink.runtime.rest.handler.router.RouterHandler.routed(RouterHandler.java:115) ~[flink-dist-2.2.1.jar:2.2.1]
	at org.apache.flink.runtime.rest.handler.router.RouterHandler.channelRead0(RouterHandler.java:94) ~[flink-dist-2.2.1.jar:2.2.1]
	at org.apache.flink.runtime.rest.handler.router.RouterHandler.channelRead0(RouterHandler.java:55) ~[flink-dist-2.2.1.jar:2.2.1]
	at org.apache.flink.shaded.netty4.io.netty.channel.SimpleChannelInboundHandler.channelRead(SimpleChannelInboundHandler.java:99) ~[flink-dist-2.2.1.jar:2.2.1]
	at org.apache.flink.shaded.netty4.io.netty.channel.AbstractChannelHandlerContext.invokeChannelRead(AbstractChannelHandlerContext.java:444) ~[flink-dist-2.2.1.jar:2.2.1]
	at org.apache.flink.shaded.netty4.io.netty.channel.AbstractChannelHandlerContext.invokeChannelRead(AbstractChannelHandlerContext.java:420) ~[flink-dist-2.2.1.jar:2.2.1]
	at org.apache.flink.shaded.netty4.io.netty.channel.AbstractChannelHandlerContext.fireChannelRead(AbstractChannelHandlerContext.java:412) ~[flink-dist-2.2.1.jar:2.2.1]
	at org.apache.flink.shaded.netty4.io.netty.handler.codec.MessageToMessageDecoder.channelRead(MessageToMessageDecoder.java:103) ~[flink-dist-2.2.1.jar:2.2.1]
	at org.apache.flink.shaded.netty4.io.netty.channel.AbstractChannelHandlerContext.invokeChannelRead(AbstractChannelHandlerContext.java:444) ~[flink-dist-2.2.1.jar:2.2.1]
	at org.apache.flink.shaded.netty4.io.netty.channel.AbstractChannelHandlerContext.invokeChannelRead(AbstractChannelHandlerContext.java:420) ~[flink-dist-2.2.1.jar:2.2.1]
	at org.apache.flink.shaded.netty4.io.netty.channel.AbstractChannelHandlerContext.fireChannelRead(AbstractChannelHandlerContext.java:412) ~[flink-dist-2.2.1.jar:2.2.1]
	at org.apache.flink.runtime.rest.FileUploadHandler.channelRead0(FileUploadHandler.java:233) ~[flink-dist-2.2.1.jar:2.2.1]
	at org.apache.flink.runtime.rest.FileUploadHandler.channelRead0(FileUploadHandler.java:70) ~[flink-dist-2.2.1.jar:2.2.1]
	at org.apache.flink.shaded.netty4.io.netty.channel.SimpleChannelInboundHandler.channelRead(SimpleChannelInboundHandler.java:99) ~[flink-dist-2.2.1.jar:2.2.1]
	at org.apache.flink.shaded.netty4.io.netty.channel.AbstractChannelHandlerContext.invokeChannelRead(AbstractChannelHandlerContext.java:444) ~[flink-dist-2.2.1.jar:2.2.1]
	at org.apache.flink.shaded.netty4.io.netty.channel.AbstractChannelHandlerContext.invokeChannelRead(AbstractChannelHandlerContext.java:420) ~[flink-dist-2.2.1.jar:2.2.1]
	at org.apache.flink.shaded.netty4.io.netty.channel.AbstractChannelHandlerContext.fireChannelRead(AbstractChannelHandlerContext.java:412) ~[flink-dist-2.2.1.jar:2.2.1]
	at org.apache.flink.shaded.netty4.io.netty.channel.CombinedChannelDuplexHandler$DelegatingChannelHandlerContext.fireChannelRead(CombinedChannelDuplexHandler.java:436) ~[flink-dist-2.2.1.jar:2.2.1]
	at org.apache.flink.shaded.netty4.io.netty.handler.codec.ByteToMessageDecoder.fireChannelRead(ByteToMessageDecoder.java:346) ~[flink-dist-2.2.1.jar:2.2.1]
	at org.apache.flink.shaded.netty4.io.netty.handler.codec.ByteToMessageDecoder.channelRead(ByteToMessageDecoder.java:318) ~[flink-dist-2.2.1.jar:2.2.1]
	at org.apache.flink.shaded.netty4.io.netty.channel.CombinedChannelDuplexHandler.channelRead(CombinedChannelDuplexHandler.java:251) ~[flink-dist-2.2.1.jar:2.2.1]
	at org.apache.flink.shaded.netty4.io.netty.channel.AbstractChannelHandlerContext.invokeChannelRead(AbstractChannelHandlerContext.java:442) ~[flink-dist-2.2.1.jar:2.2.1]
	at org.apache.flink.shaded.netty4.io.netty.channel.AbstractChannelHandlerContext.invokeChannelRead(AbstractChannelHandlerContext.java:420) ~[flink-dist-2.2.1.jar:2.2.1]
	at org.apache.flink.shaded.netty4.io.netty.channel.AbstractChannelHandlerContext.fireChannelRead(AbstractChannelHandlerContext.java:412) ~[flink-dist-2.2.1.jar:2.2.1]
	at org.apache.flink.shaded.netty4.io.netty.channel.DefaultChannelPipeline$HeadContext.channelRead(DefaultChannelPipeline.java:1410) ~[flink-dist-2.2.1.jar:2.2.1]
	at org.apache.flink.shaded.netty4.io.netty.channel.AbstractChannelHandlerContext.invokeChannelRead(AbstractChannelHandlerContext.java:440) ~[flink-dist-2.2.1.jar:2.2.1]
	at org.apache.flink.shaded.netty4.io.netty.channel.AbstractChannelHandlerContext.invokeChannelRead(AbstractChannelHandlerContext.java:420) ~[flink-dist-2.2.1.jar:2.2.1]
	at org.apache.flink.shaded.netty4.io.netty.channel.DefaultChannelPipeline.fireChannelRead(DefaultChannelPipeline.java:919) ~[flink-dist-2.2.1.jar:2.2.1]
	at org.apache.flink.shaded.netty4.io.netty.channel.nio.AbstractNioByteChannel$NioByteUnsafe.read(AbstractNioByteChannel.java:166) ~[flink-dist-2.2.1.jar:2.2.1]
	at org.apache.flink.shaded.netty4.io.netty.channel.nio.NioEventLoop.processSelectedKey(NioEventLoop.java:788) ~[flink-dist-2.2.1.jar:2.2.1]
	at org.apache.flink.shaded.netty4.io.netty.channel.nio.NioEventLoop.processSelectedKeysOptimized(NioEventLoop.java:724) ~[flink-dist-2.2.1.jar:2.2.1]
	at org.apache.flink.shaded.netty4.io.netty.channel.nio.NioEventLoop.processSelectedKeys(NioEventLoop.java:650) ~[flink-dist-2.2.1.jar:2.2.1]
	at org.apache.flink.shaded.netty4.io.netty.channel.nio.NioEventLoop.run(NioEventLoop.java:562) ~[flink-dist-2.2.1.jar:2.2.1]
	at org.apache.flink.shaded.netty4.io.netty.util.concurrent.SingleThreadEventExecutor$4.run(SingleThreadEventExecutor.java:997) ~[flink-dist-2.2.1.jar:2.2.1]
	at org.apache.flink.shaded.netty4.io.netty.util.internal.ThreadExecutorMap$2.run(ThreadExecutorMap.java:74) ~[flink-dist-2.2.1.jar:2.2.1]
	at java.base/java.lang.Thread.run(Unknown Source) [?:?]
Caused by: org.apache.flink.table.gateway.service.utils.SqlExecutionException: Failed to execute the operation 5bb9f7a4-87ef-46ef-92fc-0f32a62c373c.
	at org.apache.flink.table.gateway.service.operation.OperationManager$Operation.processThrowable(OperationManager.java:415) ~[flink-sql-gateway-2.2.1.jar:2.2.1]
	at org.apache.flink.table.gateway.service.operation.OperationManager$Operation.lambda$run$0(OperationManager.java:268) ~[flink-sql-gateway-2.2.1.jar:2.2.1]
	at java.base/java.util.concurrent.Executors$RunnableAdapter.call(Unknown Source) ~[?:?]
	at java.base/java.util.concurrent.FutureTask.run(Unknown Source) ~[?:?]
	at java.base/java.util.concurrent.Executors$RunnableAdapter.call(Unknown Source) ~[?:?]
	at java.base/java.util.concurrent.FutureTask.run(Unknown Source) ~[?:?]
	at java.base/java.util.concurrent.ThreadPoolExecutor.runWorker(Unknown Source) ~[?:?]
	at java.base/java.util.concurrent.ThreadPoolExecutor$Worker.run(Unknown Source) ~[?:?]
	... 1 more
Caused by: java.lang.UnsupportedOperationException: Unsupported statement for configuring session: 
INSERT INTO processed_transactions
SELECT
    transaction_id,
    source_account,
    amount,
    CASE WHEN amount > 10000.0 THEN 'FRAUD_SUSPECT' ELSE 'APPROVED' END AS status,
    ts
FROM transactions_raw;
The configureSession API only supports executing statements of type SET, RESET, CREATE TABLE, CREATE VIEW, CREATE DATABASE, CREATE FUNCTION, CREATE TEMPORARY SYSTEM FUNCTION, CREATE CATALOG, CREATE MODEL, CREATE MATERIALIZED TABLE, DROP TABLE, DROP VIEW, DROP DATABASE, DROP FUNCTION, DROP TEMPORARY SYSTEM FUNCTION, DROP CATALOG, DROP MODEL, DROP MATERIALIZED TABLE, ALTER TABLE, ALTER VIEW, ALTER DATABASE, ALTER FUNCTION, ALTER CATALOG SET, ALTER CATALOG RESET, ALTER CATALOG COMMENT, ALTER MODEL, ALTER MODEL, ALTER MATERIALIZED TABLE, USE CATALOG, USE [CATALOG.]DATABASE, USE MODULES, LOAD MODULE, UNLOAD MODULE, ADD JAR.
	at org.apache.flink.table.gateway.service.operation.OperationExecutor.configureSession(OperationExecutor.java:214) ~[flink-sql-gateway-2.2.1.jar:2.2.1]
	at org.apache.flink.table.gateway.service.SqlGatewayServiceImpl.lambda$configureSession$0(SqlGatewayServiceImpl.java:112) ~[flink-sql-gateway-2.2.1.jar:2.2.1]
	at org.apache.flink.table.gateway.service.operation.OperationManager.lambda$submitOperation$1(OperationManager.java:120) ~[flink-sql-gateway-2.2.1.jar:2.2.1]
	at org.apache.flink.table.gateway.service.operation.OperationManager$Operation.lambda$run$0(OperationManager.java:259) ~[flink-sql-gateway-2.2.1.jar:2.2.1]
	at java.base/java.util.concurrent.Executors$RunnableAdapter.call(Unknown Source) ~[?:?]
	at java.base/java.util.concurrent.FutureTask.run(Unknown Source) ~[?:?]
	at java.base/java.util.concurrent.Executors$RunnableAdapter.call(Unknown Source) ~[?:?]
	at java.base/java.util.concurrent.FutureTask.run(Unknown Source) ~[?:?]
	at java.base/java.util.concurrent.ThreadPoolExecutor.runWorker(Unknown Source) ~[?:?]
	at java.base/java.util.concurrent.ThreadPoolExecutor$Worker.run(Unknown Source) ~[?:?]
	... 1 more
2026-07-17 23:41:53,916 WARN  org.apache.flink.table.client.cli.CliClient                  [] - Could not execute SQL statement.
org.apache.flink.table.client.gateway.SqlExecutionException: Failed to open session to http://localhost:45857
	at org.apache.flink.table.client.gateway.ExecutorImpl.configureSession(ExecutorImpl.java:246) ~[flink-sql-client-2.2.1.jar:2.2.1]
	at org.apache.flink.table.client.cli.parser.SqlMultiLineParser.parse(SqlMultiLineParser.java:114) ~[flink-sql-client-2.2.1.jar:2.2.1]
	at org.jline.reader.impl.LineReaderImpl.acceptLine(LineReaderImpl.java:2964) ~[flink-sql-client-2.2.1.jar:2.2.1]
	at org.jline.reader.impl.LineReaderImpl$1.apply(LineReaderImpl.java:3778) ~[flink-sql-client-2.2.1.jar:2.2.1]
	at org.jline.reader.impl.LineReaderImpl.readLine(LineReaderImpl.java:679) ~[flink-sql-client-2.2.1.jar:2.2.1]
	at org.apache.flink.table.client.cli.CliClient.getAndExecuteStatements(CliClient.java:222) [flink-sql-client-2.2.1.jar:2.2.1]
	at org.apache.flink.table.client.cli.CliClient.executeFile(CliClient.java:271) [flink-sql-client-2.2.1.jar:2.2.1]
	at org.apache.flink.table.client.cli.CliClient.executeInitialization(CliClient.java:170) [flink-sql-client-2.2.1.jar:2.2.1]
	at org.apache.flink.table.client.SqlClient.openCli(SqlClient.java:143) [flink-sql-client-2.2.1.jar:2.2.1]
	at org.apache.flink.table.client.SqlClient.start(SqlClient.java:114) [flink-sql-client-2.2.1.jar:2.2.1]
	at org.apache.flink.table.client.SqlClient.startClient(SqlClient.java:218) [flink-sql-client-2.2.1.jar:2.2.1]
	at org.apache.flink.table.client.SqlClient.main(SqlClient.java:169) [flink-sql-client-2.2.1.jar:2.2.1]
Caused by: java.util.concurrent.ExecutionException: org.apache.flink.runtime.rest.util.RestClientException: [Internal server error., <Exception on server side:
org.apache.flink.table.gateway.api.utils.SqlGatewayException: Failed to configure session.
	at org.apache.flink.table.gateway.service.SqlGatewayServiceImpl.configureSession(SqlGatewayServiceImpl.java:117)
	at org.apache.flink.table.gateway.rest.handler.session.ConfigureSessionHandler.handleRequest(ConfigureSessionHandler.java:61)
	at org.apache.flink.table.gateway.rest.handler.AbstractSqlGatewayRestHandler.respondToRequest(AbstractSqlGatewayRestHandler.java:84)
	at org.apache.flink.table.gateway.rest.handler.AbstractSqlGatewayRestHandler.respondToRequest(AbstractSqlGatewayRestHandler.java:52)
	at org.apache.flink.runtime.rest.handler.AbstractHandler.respondAsLeader(AbstractHandler.java:196)
	at org.apache.flink.runtime.rest.handler.LeaderRetrievalHandler.lambda$channelRead0$0(LeaderRetrievalHandler.java:87)
	at java.base/java.util.Optional.ifPresent(Unknown Source)
	at org.apache.flink.util.OptionalConsumer.ifPresent(OptionalConsumer.java:45)
	at org.apache.flink.runtime.rest.handler.LeaderRetrievalHandler.channelRead0(LeaderRetrievalHandler.java:84)
	at org.apache.flink.runtime.rest.handler.LeaderRetrievalHandler.channelRead0(LeaderRetrievalHandler.java:49)
	at org.apache.flink.shaded.netty4.io.netty.channel.SimpleChannelInboundHandler.channelRead(SimpleChannelInboundHandler.java:99)
	at org.apache.flink.shaded.netty4.io.netty.channel.AbstractChannelHandlerContext.invokeChannelRead(AbstractChannelHandlerContext.java:444)
	at org.apache.flink.shaded.netty4.io.netty.channel.AbstractChannelHandlerContext.invokeChannelRead(AbstractChannelHandlerContext.java:420)
	at org.apache.flink.shaded.netty4.io.netty.channel.AbstractChannelHandlerContext.fireChannelRead(AbstractChannelHandlerContext.java:412)
	at org.apache.flink.runtime.rest.handler.router.RouterHandler.routed(RouterHandler.java:115)
	at org.apache.flink.runtime.rest.handler.router.RouterHandler.channelRead0(RouterHandler.java:94)
	at org.apache.flink.runtime.rest.handler.router.RouterHandler.channelRead0(RouterHandler.java:55)
	at org.apache.flink.shaded.netty4.io.netty.channel.SimpleChannelInboundHandler.channelRead(SimpleChannelInboundHandler.java:99)
	at org.apache.flink.shaded.netty4.io.netty.channel.AbstractChannelHandlerContext.invokeChannelRead(AbstractChannelHandlerContext.java:444)
	at org.apache.flink.shaded.netty4.io.netty.channel.AbstractChannelHandlerContext.invokeChannelRead(AbstractChannelHandlerContext.java:420)
	at org.apache.flink.shaded.netty4.io.netty.channel.AbstractChannelHandlerContext.fireChannelRead(AbstractChannelHandlerContext.java:412)
	at org.apache.flink.shaded.netty4.io.netty.handler.codec.MessageToMessageDecoder.channelRead(MessageToMessageDecoder.java:103)
	at org.apache.flink.shaded.netty4.io.netty.channel.AbstractChannelHandlerContext.invokeChannelRead(AbstractChannelHandlerContext.java:444)
	at org.apache.flink.shaded.netty4.io.netty.channel.AbstractChannelHandlerContext.invokeChannelRead(AbstractChannelHandlerContext.java:420)
	at org.apache.flink.shaded.netty4.io.netty.channel.AbstractChannelHandlerContext.fireChannelRead(AbstractChannelHandlerContext.java:412)
	at org.apache.flink.runtime.rest.FileUploadHandler.channelRead0(FileUploadHandler.java:233)
	at org.apache.flink.runtime.rest.FileUploadHandler.channelRead0(FileUploadHandler.java:70)
	at org.apache.flink.shaded.netty4.io.netty.channel.SimpleChannelInboundHandler.channelRead(SimpleChannelInboundHandler.java:99)
	at org.apache.flink.shaded.netty4.io.netty.channel.AbstractChannelHandlerContext.invokeChannelRead(AbstractChannelHandlerContext.java:444)
	at org.apache.flink.shaded.netty4.io.netty.channel.AbstractChannelHandlerContext.invokeChannelRead(AbstractChannelHandlerContext.java:420)
	at org.apache.flink.shaded.netty4.io.netty.channel.AbstractChannelHandlerContext.fireChannelRead(AbstractChannelHandlerContext.java:412)
	at org.apache.flink.shaded.netty4.io.netty.channel.CombinedChannelDuplexHandler$DelegatingChannelHandlerContext.fireChannelRead(CombinedChannelDuplexHandler.java:436)
	at org.apache.flink.shaded.netty4.io.netty.handler.codec.ByteToMessageDecoder.fireChannelRead(ByteToMessageDecoder.java:346)
	at org.apache.flink.shaded.netty4.io.netty.handler.codec.ByteToMessageDecoder.channelRead(ByteToMessageDecoder.java:318)
	at org.apache.flink.shaded.netty4.io.netty.channel.CombinedChannelDuplexHandler.channelRead(CombinedChannelDuplexHandler.java:251)
	at org.apache.flink.shaded.netty4.io.netty.channel.AbstractChannelHandlerContext.invokeChannelRead(AbstractChannelHandlerContext.java:442)
	at org.apache.flink.shaded.netty4.io.netty.channel.AbstractChannelHandlerContext.invokeChannelRead(AbstractChannelHandlerContext.java:420)
	at org.apache.flink.shaded.netty4.io.netty.channel.AbstractChannelHandlerContext.fireChannelRead(AbstractChannelHandlerContext.java:412)
	at org.apache.flink.shaded.netty4.io.netty.channel.DefaultChannelPipeline$HeadContext.channelRead(DefaultChannelPipeline.java:1410)
	at org.apache.flink.shaded.netty4.io.netty.channel.AbstractChannelHandlerContext.invokeChannelRead(AbstractChannelHandlerContext.java:440)
	at org.apache.flink.shaded.netty4.io.netty.channel.AbstractChannelHandlerContext.invokeChannelRead(AbstractChannelHandlerContext.java:420)
	at org.apache.flink.shaded.netty4.io.netty.channel.DefaultChannelPipeline.fireChannelRead(DefaultChannelPipeline.java:919)
	at org.apache.flink.shaded.netty4.io.netty.channel.nio.AbstractNioByteChannel$NioByteUnsafe.read(AbstractNioByteChannel.java:166)
	at org.apache.flink.shaded.netty4.io.netty.channel.nio.NioEventLoop.processSelectedKey(NioEventLoop.java:788)
	at org.apache.flink.shaded.netty4.io.netty.channel.nio.NioEventLoop.processSelectedKeysOptimized(NioEventLoop.java:724)
	at org.apache.flink.shaded.netty4.io.netty.channel.nio.NioEventLoop.processSelectedKeys(NioEventLoop.java:650)
	at org.apache.flink.shaded.netty4.io.netty.channel.nio.NioEventLoop.run(NioEventLoop.java:562)
	at org.apache.flink.shaded.netty4.io.netty.util.concurrent.SingleThreadEventExecutor$4.run(SingleThreadEventExecutor.java:997)
	at org.apache.flink.shaded.netty4.io.netty.util.internal.ThreadExecutorMap$2.run(ThreadExecutorMap.java:74)
	at java.base/java.lang.Thread.run(Unknown Source)
Caused by: org.apache.flink.table.gateway.service.utils.SqlExecutionException: Failed to execute the operation 5bb9f7a4-87ef-46ef-92fc-0f32a62c373c.
	at org.apache.flink.table.gateway.service.operation.OperationManager$Operation.processThrowable(OperationManager.java:415)
	at org.apache.flink.table.gateway.service.operation.OperationManager$Operation.lambda$run$0(OperationManager.java:268)
	at java.base/java.util.concurrent.Executors$RunnableAdapter.call(Unknown Source)
	at java.base/java.util.concurrent.FutureTask.run(Unknown Source)
	at java.base/java.util.concurrent.Executors$RunnableAdapter.call(Unknown Source)
	at java.base/java.util.concurrent.FutureTask.run(Unknown Source)
	at java.base/java.util.concurrent.ThreadPoolExecutor.runWorker(Unknown Source)
	at java.base/java.util.concurrent.ThreadPoolExecutor$Worker.run(Unknown Source)
	... 1 more
Caused by: java.lang.UnsupportedOperationException: Unsupported statement for configuring session: 
INSERT INTO processed_transactions
SELECT
    transaction_id,
    source_account,
    amount,
    CASE WHEN amount > 10000.0 THEN 'FRAUD_SUSPECT' ELSE 'APPROVED' END AS status,
    ts
FROM transactions_raw;
The configureSession API only supports executing statements of type SET, RESET, CREATE TABLE, CREATE VIEW, CREATE DATABASE, CREATE FUNCTION, CREATE TEMPORARY SYSTEM FUNCTION, CREATE CATALOG, CREATE MODEL, CREATE MATERIALIZED TABLE, DROP TABLE, DROP VIEW, DROP DATABASE, DROP FUNCTION, DROP TEMPORARY SYSTEM FUNCTION, DROP CATALOG, DROP MODEL, DROP MATERIALIZED TABLE, ALTER TABLE, ALTER VIEW, ALTER DATABASE, ALTER FUNCTION, ALTER CATALOG SET, ALTER CATALOG RESET, ALTER CATALOG COMMENT, ALTER MODEL, ALTER MODEL, ALTER MATERIALIZED TABLE, USE CATALOG, USE [CATALOG.]DATABASE, USE MODULES, LOAD MODULE, UNLOAD MODULE, ADD JAR.
	at org.apache.flink.table.gateway.service.operation.OperationExecutor.configureSession(OperationExecutor.java:214)
	at org.apache.flink.table.gateway.service.SqlGatewayServiceImpl.lambda$configureSession$0(SqlGatewayServiceImpl.java:112)
	at org.apache.flink.table.gateway.service.operation.OperationManager.lambda$submitOperation$1(OperationManager.java:120)
	at org.apache.flink.table.gateway.service.operation.OperationManager$Operation.lambda$run$0(OperationManager.java:259)
	... 7 more

End of exception on server side>]
	at java.base/java.util.concurrent.CompletableFuture.reportGet(Unknown Source) ~[?:?]
	at java.base/java.util.concurrent.CompletableFuture.get(Unknown Source) ~[?:?]
	at org.apache.flink.table.client.gateway.ExecutorImpl.configureSession(ExecutorImpl.java:243) ~[flink-sql-client-2.2.1.jar:2.2.1]
	... 11 more
Caused by: org.apache.flink.runtime.rest.util.RestClientException: [Internal server error., <Exception on server side:
org.apache.flink.table.gateway.api.utils.SqlGatewayException: Failed to configure session.
	at org.apache.flink.table.gateway.service.SqlGatewayServiceImpl.configureSession(SqlGatewayServiceImpl.java:117)
	at org.apache.flink.table.gateway.rest.handler.session.ConfigureSessionHandler.handleRequest(ConfigureSessionHandler.java:61)
	at org.apache.flink.table.gateway.rest.handler.AbstractSqlGatewayRestHandler.respondToRequest(AbstractSqlGatewayRestHandler.java:84)
	at org.apache.flink.table.gateway.rest.handler.AbstractSqlGatewayRestHandler.respondToRequest(AbstractSqlGatewayRestHandler.java:52)
	at org.apache.flink.runtime.rest.handler.AbstractHandler.respondAsLeader(AbstractHandler.java:196)
	at org.apache.flink.runtime.rest.handler.LeaderRetrievalHandler.lambda$channelRead0$0(LeaderRetrievalHandler.java:87)
	at java.base/java.util.Optional.ifPresent(Unknown Source)
	at org.apache.flink.util.OptionalConsumer.ifPresent(OptionalConsumer.java:45)
	at org.apache.flink.runtime.rest.handler.LeaderRetrievalHandler.channelRead0(LeaderRetrievalHandler.java:84)
	at org.apache.flink.runtime.rest.handler.LeaderRetrievalHandler.channelRead0(LeaderRetrievalHandler.java:49)
	at org.apache.flink.shaded.netty4.io.netty.channel.SimpleChannelInboundHandler.channelRead(SimpleChannelInboundHandler.java:99)
	at org.apache.flink.shaded.netty4.io.netty.channel.AbstractChannelHandlerContext.invokeChannelRead(AbstractChannelHandlerContext.java:444)
	at org.apache.flink.shaded.netty4.io.netty.channel.AbstractChannelHandlerContext.invokeChannelRead(AbstractChannelHandlerContext.java:420)
	at org.apache.flink.shaded.netty4.io.netty.channel.AbstractChannelHandlerContext.fireChannelRead(AbstractChannelHandlerContext.java:412)
	at org.apache.flink.runtime.rest.handler.router.RouterHandler.routed(RouterHandler.java:115)
	at org.apache.flink.runtime.rest.handler.router.RouterHandler.channelRead0(RouterHandler.java:94)
	at org.apache.flink.runtime.rest.handler.router.RouterHandler.channelRead0(RouterHandler.java:55)
	at org.apache.flink.shaded.netty4.io.netty.channel.SimpleChannelInboundHandler.channelRead(SimpleChannelInboundHandler.java:99)
	at org.apache.flink.shaded.netty4.io.netty.channel.AbstractChannelHandlerContext.invokeChannelRead(AbstractChannelHandlerContext.java:444)
	at org.apache.flink.shaded.netty4.io.netty.channel.AbstractChannelHandlerContext.invokeChannelRead(AbstractChannelHandlerContext.java:420)
	at org.apache.flink.shaded.netty4.io.netty.channel.AbstractChannelHandlerContext.fireChannelRead(AbstractChannelHandlerContext.java:412)
	at org.apache.flink.shaded.netty4.io.netty.handler.codec.MessageToMessageDecoder.channelRead(MessageToMessageDecoder.java:103)
	at org.apache.flink.shaded.netty4.io.netty.channel.AbstractChannelHandlerContext.invokeChannelRead(AbstractChannelHandlerContext.java:444)
	at org.apache.flink.shaded.netty4.io.netty.channel.AbstractChannelHandlerContext.invokeChannelRead(AbstractChannelHandlerContext.java:420)
	at org.apache.flink.shaded.netty4.io.netty.channel.AbstractChannelHandlerContext.fireChannelRead(AbstractChannelHandlerContext.java:412)
	at org.apache.flink.runtime.rest.FileUploadHandler.channelRead0(FileUploadHandler.java:233)
	at org.apache.flink.runtime.rest.FileUploadHandler.channelRead0(FileUploadHandler.java:70)
	at org.apache.flink.shaded.netty4.io.netty.channel.SimpleChannelInboundHandler.channelRead(SimpleChannelInboundHandler.java:99)
	at org.apache.flink.shaded.netty4.io.netty.channel.AbstractChannelHandlerContext.invokeChannelRead(AbstractChannelHandlerContext.java:444)
	at org.apache.flink.shaded.netty4.io.netty.channel.AbstractChannelHandlerContext.invokeChannelRead(AbstractChannelHandlerContext.java:420)
	at org.apache.flink.shaded.netty4.io.netty.channel.AbstractChannelHandlerContext.fireChannelRead(AbstractChannelHandlerContext.java:412)
	at org.apache.flink.shaded.netty4.io.netty.channel.CombinedChannelDuplexHandler$DelegatingChannelHandlerContext.fireChannelRead(CombinedChannelDuplexHandler.java:436)
	at org.apache.flink.shaded.netty4.io.netty.handler.codec.ByteToMessageDecoder.fireChannelRead(ByteToMessageDecoder.java:346)
	at org.apache.flink.shaded.netty4.io.netty.handler.codec.ByteToMessageDecoder.channelRead(ByteToMessageDecoder.java:318)
	at org.apache.flink.shaded.netty4.io.netty.channel.CombinedChannelDuplexHandler.channelRead(CombinedChannelDuplexHandler.java:251)
	at org.apache.flink.shaded.netty4.io.netty.channel.AbstractChannelHandlerContext.invokeChannelRead(AbstractChannelHandlerContext.java:442)
	at org.apache.flink.shaded.netty4.io.netty.channel.AbstractChannelHandlerContext.invokeChannelRead(AbstractChannelHandlerContext.java:420)
	at org.apache.flink.shaded.netty4.io.netty.channel.AbstractChannelHandlerContext.fireChannelRead(AbstractChannelHandlerContext.java:412)
	at org.apache.flink.shaded.netty4.io.netty.channel.DefaultChannelPipeline$HeadContext.channelRead(DefaultChannelPipeline.java:1410)
	at org.apache.flink.shaded.netty4.io.netty.channel.AbstractChannelHandlerContext.invokeChannelRead(AbstractChannelHandlerContext.java:440)
	at org.apache.flink.shaded.netty4.io.netty.channel.AbstractChannelHandlerContext.invokeChannelRead(AbstractChannelHandlerContext.java:420)
	at org.apache.flink.shaded.netty4.io.netty.channel.DefaultChannelPipeline.fireChannelRead(DefaultChannelPipeline.java:919)
	at org.apache.flink.shaded.netty4.io.netty.channel.nio.AbstractNioByteChannel$NioByteUnsafe.read(AbstractNioByteChannel.java:166)
	at org.apache.flink.shaded.netty4.io.netty.channel.nio.NioEventLoop.processSelectedKey(NioEventLoop.java:788)
	at org.apache.flink.shaded.netty4.io.netty.channel.nio.NioEventLoop.processSelectedKeysOptimized(NioEventLoop.java:724)
	at org.apache.flink.shaded.netty4.io.netty.channel.nio.NioEventLoop.processSelectedKeys(NioEventLoop.java:650)
	at org.apache.flink.shaded.netty4.io.netty.channel.nio.NioEventLoop.run(NioEventLoop.java:562)
	at org.apache.flink.shaded.netty4.io.netty.util.concurrent.SingleThreadEventExecutor$4.run(SingleThreadEventExecutor.java:997)
	at org.apache.flink.shaded.netty4.io.netty.util.internal.ThreadExecutorMap$2.run(ThreadExecutorMap.java:74)
	at java.base/java.lang.Thread.run(Unknown Source)
Caused by: org.apache.flink.table.gateway.service.utils.SqlExecutionException: Failed to execute the operation 5bb9f7a4-87ef-46ef-92fc-0f32a62c373c.
	at org.apache.flink.table.gateway.service.operation.OperationManager$Operation.processThrowable(OperationManager.java:415)
	at org.apache.flink.table.gateway.service.operation.OperationManager$Operation.lambda$run$0(OperationManager.java:268)
	at java.base/java.util.concurrent.Executors$RunnableAdapter.call(Unknown Source)
	at java.base/java.util.concurrent.FutureTask.run(Unknown Source)
	at java.base/java.util.concurrent.Executors$RunnableAdapter.call(Unknown Source)
	at java.base/java.util.concurrent.FutureTask.run(Unknown Source)
	at java.base/java.util.concurrent.ThreadPoolExecutor.runWorker(Unknown Source)
	at java.base/java.util.concurrent.ThreadPoolExecutor$Worker.run(Unknown Source)
	... 1 more
Caused by: java.lang.UnsupportedOperationException: Unsupported statement for configuring session: 
INSERT INTO processed_transactions
SELECT
    transaction_id,
    source_account,
    amount,
    CASE WHEN amount > 10000.0 THEN 'FRAUD_SUSPECT' ELSE 'APPROVED' END AS status,
    ts
FROM transactions_raw;
The configureSession API only supports executing statements of type SET, RESET, CREATE TABLE, CREATE VIEW, CREATE DATABASE, CREATE FUNCTION, CREATE TEMPORARY SYSTEM FUNCTION, CREATE CATALOG, CREATE MODEL, CREATE MATERIALIZED TABLE, DROP TABLE, DROP VIEW, DROP DATABASE, DROP FUNCTION, DROP TEMPORARY SYSTEM FUNCTION, DROP CATALOG, DROP MODEL, DROP MATERIALIZED TABLE, ALTER TABLE, ALTER VIEW, ALTER DATABASE, ALTER FUNCTION, ALTER CATALOG SET, ALTER CATALOG RESET, ALTER CATALOG COMMENT, ALTER MODEL, ALTER MODEL, ALTER MATERIALIZED TABLE, USE CATALOG, USE [CATALOG.]DATABASE, USE MODULES, LOAD MODULE, UNLOAD MODULE, ADD JAR.
	at org.apache.flink.table.gateway.service.operation.OperationExecutor.configureSession(OperationExecutor.java:214)
	at org.apache.flink.table.gateway.service.SqlGatewayServiceImpl.lambda$configureSession$0(SqlGatewayServiceImpl.java:112)
	at org.apache.flink.table.gateway.service.operation.OperationManager.lambda$submitOperation$1(OperationManager.java:120)
	at org.apache.flink.table.gateway.service.operation.OperationManager$Operation.lambda$run$0(OperationManager.java:259)
	... 7 more

End of exception on server side>]
	at org.apache.flink.runtime.rest.RestClient.parseResponse(RestClient.java:669) ~[flink-dist-2.2.1.jar:2.2.1]
	at org.apache.flink.runtime.rest.RestClient.lambda$submitRequest$6(RestClient.java:653) ~[flink-dist-2.2.1.jar:2.2.1]
	at java.base/java.util.concurrent.CompletableFuture$UniCompose.tryFire(Unknown Source) ~[?:?]
	at java.base/java.util.concurrent.CompletableFuture$Completion.run(Unknown Source) ~[?:?]
	at java.base/java.util.concurrent.ThreadPoolExecutor.runWorker(Unknown Source) ~[?:?]
	at java.base/java.util.concurrent.ThreadPoolExecutor$Worker.run(Unknown Source) ~[?:?]
	at java.base/java.lang.Thread.run(Unknown Source) ~[?:?]
2026-07-17 23:41:53,917 INFO  org.apache.flink.table.client.cli.CliClient                  [] - [34;1m[INFO] Executing SQL from file.[0m

Command history file path: /opt/flink/.flink-sql-history
Flink SQL> CREATE CATALOG IF NOT EXISTS paimon_catalog WITH (
>     'type' = 'paimon',
>     'warehouse' = 's3://warehouse/paimon',
>     's3.endpoint' = 'http://minio:9000',
>     's3.path-style-access' = 'true',
>     's3.access-key' = 'admin',
>     's3.secret-key' = 'password',
>     's3.region' = 'us-east-1'
> )[34;1m[INFO] Execute statement succeeded.[0m

Flink SQL> [34;1m[INFO] Execute statement succeeded.[0m

Flink SQL> [34;1m[INFO] Execute statement succeeded.[0m

Flink SQL> [34;1m[INFO] Execute statement succeeded.[0m

Flink SQL> [34;1m[INFO] Execute statement succeeded.[0m

Flink SQL> [34;1m[INFO] Execute statement succeeded.[0m

Flink SQL> 
> CREATE TEMPORARY TABLE transactions_raw (
>     transaction_id STRING,
>     source_account STRING,
>     amount DOUBLE,
>     ts TIMESTAMP(3),
>     WATERMARK FOR ts AS ts - INTERVAL '5' SECOND
> ) WITH (
>     'connector' = 'kafka',
>     'topic' = 'transactions_raw',
>     'properties.bootstrap.servers' = 'broker:9092',
>     'properties.group.id' = 'fraud-detection-group',
>     'format' = 'json',
>     'scan.startup.mode' = 'earliest-offset'
> )[34;1m[INFO] Execute statement succeeded.[0m

Flink SQL> 
> CREATE TABLE IF NOT EXISTS processed_transactions (
>     transaction_id STRING,
>     source_account STRING,
>     amount DOUBLE,
>     status STRING,
>     ts TIMESTAMP(3),
>     PRIMARY KEY (transaction_id) NOT ENFORCED
> ) WITH (
>     'bucket' = '2',
>     'changelog-producer' = 'input',
>     'file.format' = 'parquet'
> )[34;1m[INFO] Execute statement succeeded.[0m

Flink SQL> [31;1m[ERROR] Could not execute SQL statement. Reason:
java.lang.UnsupportedOperationException: Unsupported statement for configuring session: 
INSERT INTO processed_transactions
SELECT
    transaction_id,
    source_account,
    amount,
    CASE WHEN amount > 10000.0 THEN 'FRAUD_SUSPECT' ELSE 'APPROVED' END AS status,
    ts
FROM transactions_raw;
The configureSession API only supports executing statements of type SET, RESET, CREATE TABLE, CREATE VIEW, CREATE DATABASE, CREATE FUNCTION, CREATE TEMPORARY SYSTEM FUNCTION, CREATE CATALOG, CREATE MODEL, CREATE MATERIALIZED TABLE, DROP TABLE, DROP VIEW, DROP DATABASE, DROP FUNCTION, DROP TEMPORARY SYSTEM FUNCTION, DROP CATALOG, DROP MODEL, DROP MATERIALIZED TABLE, ALTER TABLE, ALTER VIEW, ALTER DATABASE, ALTER FUNCTION, ALTER CATALOG SET, ALTER CATALOG RESET, ALTER CATALOG COMMENT, ALTER MODEL, ALTER MODEL, ALTER MATERIALIZED TABLE, USE CATALOG, USE [CATALOG.]DATABASE, USE MODULES, LOAD MODULE, UNLOAD MODULE, ADD JAR.[0m

2026-07-17 23:41:53,921 INFO  org.apache.flink.table.gateway.rest.SqlGatewayRestEndpoint   [] - Shutting down rest endpoint.
2026-07-17 23:41:53,930 INFO  org.apache.flink.table.gateway.rest.SqlGatewayRestEndpoint   [] - Shut down complete.
2026-07-17 23:41:53,930 INFO  org.apache.flink.table.shaded.org.quartz.core.QuartzScheduler [] - Scheduler FlinkQuartzScheduler_$_NON_CLUSTERED shutting down.
2026-07-17 23:41:53,930 INFO  org.apache.flink.table.shaded.org.quartz.core.QuartzScheduler [] - Scheduler FlinkQuartzScheduler_$_NON_CLUSTERED paused.
2026-07-17 23:41:53,930 INFO  org.apache.flink.table.shaded.org.quartz.core.QuartzScheduler [] - Scheduler FlinkQuartzScheduler_$_NON_CLUSTERED shutdown complete.
2026-07-17 23:41:54,923 INFO  org.apache.flink.table.gateway.rest.SqlGatewayRestEndpoint   [] - Shutting down rest endpoint.
